{"event":"npu-cache-compile-start","latent_buckets":[32,64,128,256,512],"model":"supertonic-3-npu","text_bucket":320}
{"cache":{"blobs":["/tmp/omaspeak-npu-final-validation.Y1cyTs/cache/omaspeak/openvino/npu/static-v1/a6163fbbfd46de9cc976c99d951d983df3f717fc565cb89d1d13b5ea98232c3d/1075125326789854098.blob","/tmp/omaspeak-npu-final-validation.Y1cyTs/cache/omaspeak/openvino/npu/static-v1/a6163fbbfd46de9cc976c99d951d983df3f717fc565cb89d1d13b5ea98232c3d/12664012881406374404.blob","/tmp/omaspeak-npu-final-validation.Y1cyTs/cache/omaspeak/openvino/npu/static-v1/a6163fbbfd46de9cc976c99d951d983df3f717fc565cb89d1d13b5ea98232c3d/14109271361526739515.blob","/tmp/omaspeak-npu-final-validation.Y1cyTs/cache/omaspeak/openvino/npu/static-v1/a6163fbbfd46de9cc976c99d951d983df3f717fc565cb89d1d13b5ea98232c3d/15721241854968202999.blob","/tmp/omaspeak-npu-final-validation.Y1cyTs/cache/omaspeak/openvino/npu/static-v1/a6163fbbfd46de9cc976c99d951d983df3f717fc565cb89d1d13b5ea98232c3d/17272112716637410537.blob","/tmp/omaspeak-npu-final-validation.Y1cyTs/cache/omaspeak/openvino/npu/static-v1/a6163fbbfd46de9cc976c99d951d983df3f717fc565cb89d1d13b5ea98232c3d/17470366986838420313.blob","/tmp/omaspeak-npu-final-validation.Y1cyTs/cache/omaspeak/openvino/npu/static-v1/a6163fbbfd46de9cc976c99d951d983df3f717fc565cb89d1d13b5ea98232c3d/18139106343737814873.blob","/tmp/omaspeak-npu-final-validation.Y1cyTs/cache/omaspeak/openvino/npu/static-v1/a6163fbbfd46de9cc976c99d951d983df3f717fc565cb89d1d13b5ea98232c3d/1946374189519496053.blob","/tmp/omaspeak-npu-final-validation.Y1cyTs/cache/omaspeak/openvino/npu/static-v1/a6163fbbfd46de9cc976c99d951d983df3f717fc565cb89d1d13b5ea98232c3d/2060401367618029250.blob","/tmp/omaspeak-npu-final-validation.Y1cyTs/cache/omaspeak/openvino/npu/static-v1/a6163fbbfd46de9cc976c99d951d983df3f717fc565cb89d1d13b5ea98232c3d/3210193987373413749.blob","/tmp/omaspeak-npu-final-validation.Y1cyTs/cache/omaspeak/openvino/npu/static-v1/a6163fbbfd46de9cc976c99d951d983df3f717fc565cb89d1d13b5ea98232c3d/5337156088712403917.blob","/tmp/omaspeak-npu-final-validation.Y1cyTs/cache/omaspeak/openvino/npu/static-v1/a6163fbbfd46de9cc976c99d951d983df3f717fc565cb89d1d13b5ea98232c3d/9844869663284157148.blob"],"detail":"12 prepared OpenVINO cache blobs","directory":"/tmp/omaspeak-npu-final-validation.Y1cyTs/cache/omaspeak/openvino/npu/static-v1/a6163fbbfd46de9cc976c99d951d983df3f717fc565cb89d1d13b5ea98232c3d","fingerprint":"a6163fbbfd46de9cc976c99d951d983df3f717fc565cb89d1d13b5ea98232c3d","ready":true,"required":true},"event":"npu-cache-compile-complete","model":"supertonic-3-npu"}
{
  "required": true,
  "ready": true,
  "fingerprint": "a6163fbbfd46de9cc976c99d951d983df3f717fc565cb89d1d13b5ea98232c3d",
  "directory": "/tmp/omaspeak-npu-final-validation.Y1cyTs/cache/omaspeak/openvino/npu/static-v1/a6163fbbfd46de9cc976c99d951d983df3f717fc565cb89d1d13b5ea98232c3d",
  "blobs": [
    "/tmp/omaspeak-npu-final-validation.Y1cyTs/cache/omaspeak/openvino/npu/static-v1/a6163fbbfd46de9cc976c99d951d983df3f717fc565cb89d1d13b5ea98232c3d/1075125326789854098.blob",
    "/tmp/omaspeak-npu-final-validation.Y1cyTs/cache/omaspeak/openvino/npu/static-v1/a6163fbbfd46de9cc976c99d951d983df3f717fc565cb89d1d13b5ea98232c3d/12664012881406374404.blob",
    "/tmp/omaspeak-npu-final-validation.Y1cyTs/cache/omaspeak/openvino/npu/static-v1/a6163fbbfd46de9cc976c99d951d983df3f717fc565cb89d1d13b5ea98232c3d/14109271361526739515.blob",
    "/tmp/omaspeak-npu-final-validation.Y1cyTs/cache/omaspeak/openvino/npu/static-v1/a6163fbbfd46de9cc976c99d951d983df3f717fc565cb89d1d13b5ea98232c3d/15721241854968202999.blob",
    "/tmp/omaspeak-npu-final-validation.Y1cyTs/cache/omaspeak/openvino/npu/static-v1/a6163fbbfd46de9cc976c99d951d983df3f717fc565cb89d1d13b5ea98232c3d/17272112716637410537.blob",
    "/tmp/omaspeak-npu-final-validation.Y1cyTs/cache/omaspeak/openvino/npu/static-v1/a6163fbbfd46de9cc976c99d951d983df3f717fc565cb89d1d13b5ea98232c3d/17470366986838420313.blob",
    "/tmp/omaspeak-npu-final-validation.Y1cyTs/cache/omaspeak/openvino/npu/static-v1/a6163fbbfd46de9cc976c99d951d983df3f717fc565cb89d1d13b5ea98232c3d/18139106343737814873.blob",
    "/tmp/omaspeak-npu-final-validation.Y1cyTs/cache/omaspeak/openvino/npu/static-v1/a6163fbbfd46de9cc976c99d951d983df3f717fc565cb89d1d13b5ea98232c3d/1946374189519496053.blob",
    "/tmp/omaspeak-npu-final-validation.Y1cyTs/cache/omaspeak/openvino/npu/static-v1/a6163fbbfd46de9cc976c99d951d983df3f717fc565cb89d1d13b5ea98232c3d/2060401367618029250.blob",
    "/tmp/omaspeak-npu-final-validation.Y1cyTs/cache/omaspeak/openvino/npu/static-v1/a6163fbbfd46de9cc976c99d951d983df3f717fc565cb89d1d13b5ea98232c3d/3210193987373413749.blob",
    "/tmp/omaspeak-npu-final-validation.Y1cyTs/cache/omaspeak/openvino/npu/static-v1/a6163fbbfd46de9cc976c99d951d983df3f717fc565cb89d1d13b5ea98232c3d/5337156088712403917.blob",
    "/tmp/omaspeak-npu-final-validation.Y1cyTs/cache/omaspeak/openvino/npu/static-v1/a6163fbbfd46de9cc976c99d951d983df3f717fc565cb89d1d13b5ea98232c3d/9844869663284157148.blob"
  ],
  "detail": "12 prepared OpenVINO cache blobs"
}
